2026-04-12 19:32:54,203 - AKToolsLog - INFO - 这是一个信息级别的日志消息
2026-04-12 19:32:54,276 - AKToolsLog - INFO - Investing: 使用 curl_cffi 作为 HTTP 客户端（可绕过 Cloudflare 403）
2026-04-12 19:32:54,276 - AKToolsLog - INFO - Investing: curl_cffi impersonate=chrome136
2026-04-12 19:32:55,342 - AKToolsLog - INFO - 获取到 Investing investing_bond 的数据
2026-04-12 19:32:56,072 - AKToolsLog - INFO - 获取到 Investing investing_crypto 的数据
2026-04-12 19:32:56,793 - AKToolsLog - INFO - 获取到 Investing investing_etf 的数据
2026-04-12 19:32:57,508 - AKToolsLog - INFO - 获取到 Investing investing_fund 的数据
2026-04-12 19:32:58,247 - AKToolsLog - INFO - 获取到 Investing investing_futures 的数据
2026-04-12 19:32:58,986 - AKToolsLog - INFO - 获取到 Investing investing_fx 的数据
2026-04-12 19:32:59,557 - AKToolsLog - INFO - 获取到 Investing investing_index 的数据
2026-04-12 19:33:00,125 - AKToolsLog - INFO - 获取到 Investing investing_stock_global 的数据
2026-04-12 19:33:00,844 - AKToolsLog - INFO - 获取到 Investing investing_index 的数据
2026-04-12 19:33:01,397 - AKToolsLog - INFO - 获取到 Investing investing_stock_global 的数据
2026-04-12 19:33:01,928 - AKToolsLog - INFO - 获取到 Investing investing_stock_global 的数据
2026-04-12 19:33:03,338 - AKToolsLog - INFO - Investing 爬取缺失区间: id=6408 [2024-01-01 ~ 2024-01-10]
2026-04-12 19:33:03,339 - AKToolsLog - INFO - 获取到 Investing investing_bond 的数据
2026-04-12 19:33:04,203 - AKToolsLog - ERROR - investing historical id=6408 failed: Request to Investing.com API failed with error message: no_data, try `from_date=12/29/2023`.
Traceback (most recent call last):
  File "E:\projects\aktools\aktools\core\investing.py", line 1170, in fetch_investing_historical
    data = _request_to_investing(endpoint="history", params=params)  # type: ignore
           ^^^^^^^^^^^^^^^^^^^^^^^^^^^^^^^^^^^^^^^^^^^^^^^^^^^^^^^^
  File "E:\projects\aktools\aktools\core\investing.py", line 266, in _request_to_investing
    raise ConnectionError(
ConnectionError: Request to Investing.com API failed with error message: no_data, try `from_date=12/29/2023`.
2026-04-12 19:33:04,205 - AKToolsLog - INFO - Investing 爬取缺失区间失败，返回已有缓存: id=6408
2026-04-12 19:33:04,205 - AKToolsLog - INFO - 获取到 Investing investing_crypto 的数据
2026-04-12 19:33:04,894 - AKToolsLog - ERROR - investing historical id=6408 failed: Request to Investing.com API failed with error message: no_data, try `from_date=12/29/2023`.
Traceback (most recent call last):
  File "E:\projects\aktools\aktools\core\investing.py", line 1170, in fetch_investing_historical
    data = _request_to_investing(endpoint="history", params=params)  # type: ignore
           ^^^^^^^^^^^^^^^^^^^^^^^^^^^^^^^^^^^^^^^^^^^^^^^^^^^^^^^^
  File "E:\projects\aktools\aktools\core\investing.py", line 266, in _request_to_investing
    raise ConnectionError(
ConnectionError: Request to Investing.com API failed with error message: no_data, try `from_date=12/29/2023`.
2026-04-12 19:33:04,895 - AKToolsLog - INFO - Investing 爬取缺失区间失败，返回已有缓存: id=6408
2026-04-12 19:33:04,896 - AKToolsLog - INFO - 获取到 Investing investing_etf 的数据
2026-04-12 19:33:05,552 - AKToolsLog - ERROR - investing historical id=6408 failed: Request to Investing.com API failed with error message: no_data, try `from_date=12/29/2023`.
Traceback (most recent call last):
  File "E:\projects\aktools\aktools\core\investing.py", line 1170, in fetch_investing_historical
    data = _request_to_investing(endpoint="history", params=params)  # type: ignore
           ^^^^^^^^^^^^^^^^^^^^^^^^^^^^^^^^^^^^^^^^^^^^^^^^^^^^^^^^
  File "E:\projects\aktools\aktools\core\investing.py", line 266, in _request_to_investing
    raise ConnectionError(
ConnectionError: Request to Investing.com API failed with error message: no_data, try `from_date=12/29/2023`.
2026-04-12 19:33:05,553 - AKToolsLog - INFO - Investing 爬取缺失区间失败，返回已有缓存: id=6408
2026-04-12 19:33:05,553 - AKToolsLog - INFO - 获取到 Investing investing_fund 的数据
2026-04-12 19:33:06,223 - AKToolsLog - ERROR - investing historical id=6408 failed: Request to Investing.com API failed with error message: no_data, try `from_date=12/29/2023`.
Traceback (most recent call last):
  File "E:\projects\aktools\aktools\core\investing.py", line 1170, in fetch_investing_historical
    data = _request_to_investing(endpoint="history", params=params)  # type: ignore
           ^^^^^^^^^^^^^^^^^^^^^^^^^^^^^^^^^^^^^^^^^^^^^^^^^^^^^^^^
  File "E:\projects\aktools\aktools\core\investing.py", line 266, in _request_to_investing
    raise ConnectionError(
ConnectionError: Request to Investing.com API failed with error message: no_data, try `from_date=12/29/2023`.
2026-04-12 19:33:06,223 - AKToolsLog - INFO - Investing 爬取缺失区间失败，返回已有缓存: id=6408
2026-04-12 19:33:06,223 - AKToolsLog - INFO - 获取到 Investing investing_futures 的数据
2026-04-12 19:33:06,902 - AKToolsLog - ERROR - investing historical id=6408 failed: Request to Investing.com API failed with error message: no_data, try `from_date=12/29/2023`.
Traceback (most recent call last):
  File "E:\projects\aktools\aktools\core\investing.py", line 1170, in fetch_investing_historical
    data = _request_to_investing(endpoint="history", params=params)  # type: ignore
           ^^^^^^^^^^^^^^^^^^^^^^^^^^^^^^^^^^^^^^^^^^^^^^^^^^^^^^^^
  File "E:\projects\aktools\aktools\core\investing.py", line 266, in _request_to_investing
    raise ConnectionError(
ConnectionError: Request to Investing.com API failed with error message: no_data, try `from_date=12/29/2023`.
2026-04-12 19:33:06,903 - AKToolsLog - INFO - Investing 爬取缺失区间失败，返回已有缓存: id=6408
2026-04-12 19:33:06,903 - AKToolsLog - INFO - 获取到 Investing investing_fx 的数据
2026-04-12 19:33:07,573 - AKToolsLog - ERROR - investing historical id=6408 failed: Request to Investing.com API failed with error message: no_data, try `from_date=12/29/2023`.
Traceback (most recent call last):
  File "E:\projects\aktools\aktools\core\investing.py", line 1170, in fetch_investing_historical
    data = _request_to_investing(endpoint="history", params=params)  # type: ignore
           ^^^^^^^^^^^^^^^^^^^^^^^^^^^^^^^^^^^^^^^^^^^^^^^^^^^^^^^^
  File "E:\projects\aktools\aktools\core\investing.py", line 266, in _request_to_investing
    raise ConnectionError(
ConnectionError: Request to Investing.com API failed with error message: no_data, try `from_date=12/29/2023`.
2026-04-12 19:33:07,573 - AKToolsLog - INFO - Investing 爬取缺失区间失败，返回已有缓存: id=6408
2026-04-12 19:33:07,573 - AKToolsLog - INFO - 获取到 Investing investing_index 的数据
2026-04-12 19:33:08,248 - AKToolsLog - ERROR - investing historical id=6408 failed: Request to Investing.com API failed with error message: no_data, try `from_date=12/29/2023`.
Traceback (most recent call last):
  File "E:\projects\aktools\aktools\core\investing.py", line 1170, in fetch_investing_historical
    data = _request_to_investing(endpoint="history", params=params)  # type: ignore
           ^^^^^^^^^^^^^^^^^^^^^^^^^^^^^^^^^^^^^^^^^^^^^^^^^^^^^^^^
  File "E:\projects\aktools\aktools\core\investing.py", line 266, in _request_to_investing
    raise ConnectionError(
ConnectionError: Request to Investing.com API failed with error message: no_data, try `from_date=12/29/2023`.
2026-04-12 19:33:08,248 - AKToolsLog - INFO - Investing 爬取缺失区间失败，返回已有缓存: id=6408
2026-04-12 19:33:08,248 - AKToolsLog - INFO - 获取到 Investing investing_stock_global 的数据
2026-04-12 19:33:09,408 - AKToolsLog - INFO - Investing 爬取缺失区间: id=6408 [2024-01-01 ~ 2024-01-31]
2026-04-12 19:33:09,408 - AKToolsLog - INFO - 获取到 Investing investing_stock_global 的数据
2026-04-12 19:33:09,417 - AKToolsLog - INFO - Investing 数据拉取失败: investing_stock_global - investing_id 必须为数字
2026-04-12 19:33:10,395 - AKToolsLog - INFO - 获取到 Investing investing_stock_global 的数据
2026-04-12 19:33:12,443 - AKToolsLog - INFO - 获取到 Investing investing_stock_global 的数据
2026-04-12 19:33:12,504 - AKToolsLog - INFO - 未找到该接口，请升级 AKShare 到最新版本并在文档中确认该接口的使用方式：https://akshare.akfamily.xyz
2026-04-12 19:33:13,179 - AKToolsLog - ERROR - investing historical id=6408 failed: Request to Investing.com API failed with error message: no_data, try `from_date=12/29/2023`.
Traceback (most recent call last):
  File "E:\projects\aktools\aktools\core\investing.py", line 1170, in fetch_investing_historical
    data = _request_to_investing(endpoint="history", params=params)  # type: ignore
           ^^^^^^^^^^^^^^^^^^^^^^^^^^^^^^^^^^^^^^^^^^^^^^^^^^^^^^^^
  File "E:\projects\aktools\aktools\core\investing.py", line 266, in _request_to_investing
    raise ConnectionError(
ConnectionError: Request to Investing.com API failed with error message: no_data, try `from_date=12/29/2023`.
2026-04-12 19:33:13,179 - AKToolsLog - INFO - Investing 爬取缺失区间失败，返回已有缓存: id=6408
2026-04-12 19:33:13,519 - AKToolsLog - INFO - Investing 爬取缺失区间: id=6408 [2024-01-11 ~ 2024-02-15]
2026-04-12 19:33:13,855 - AKToolsLog - ERROR - investing historical id=6408 failed: Request to Investing.com API failed with error message: no_data, try `from_date=12/29/2023`.
Traceback (most recent call last):
  File "E:\projects\aktools\aktools\core\investing.py", line 1170, in fetch_investing_historical
    data = _request_to_investing(endpoint="history", params=params)  # type: ignore
           ^^^^^^^^^^^^^^^^^^^^^^^^^^^^^^^^^^^^^^^^^^^^^^^^^^^^^^^^
  File "E:\projects\aktools\aktools\core\investing.py", line 266, in _request_to_investing
    raise ConnectionError(
ConnectionError: Request to Investing.com API failed with error message: no_data, try `from_date=12/29/2023`.
2026-04-12 19:33:13,856 - AKToolsLog - INFO - Investing 爬取缺失区间失败，返回已有缓存: id=6408
2026-04-12 19:33:14,195 - AKToolsLog - INFO - Investing 爬取缺失区间: id=6408 [2024-02-16 ~ 2024-04-30]
2026-04-12 19:33:31,786 - AKToolsLog - INFO - 这是一个信息级别的日志消息
2026-04-12 19:33:31,825 - AKToolsLog - INFO - Investing: 使用 curl_cffi 作为 HTTP 客户端（可绕过 Cloudflare 403）
2026-04-12 19:33:31,825 - AKToolsLog - INFO - Investing: curl_cffi impersonate=chrome136
2026-04-12 19:33:32,537 - AKToolsLog - INFO - 获取到 Investing investing_bond 的数据
2026-04-12 19:33:33,129 - AKToolsLog - INFO - 获取到 Investing investing_crypto 的数据
2026-04-12 19:33:33,882 - AKToolsLog - INFO - 获取到 Investing investing_etf 的数据
2026-04-12 19:33:34,611 - AKToolsLog - INFO - 获取到 Investing investing_fund 的数据
2026-04-12 19:33:35,172 - AKToolsLog - INFO - 获取到 Investing investing_futures 的数据
2026-04-12 19:33:35,732 - AKToolsLog - INFO - 获取到 Investing investing_fx 的数据
2026-04-12 19:33:36,437 - AKToolsLog - INFO - 获取到 Investing investing_index 的数据
2026-04-12 19:33:36,995 - AKToolsLog - INFO - 获取到 Investing investing_stock_global 的数据
2026-04-12 19:33:37,589 - AKToolsLog - INFO - 获取到 Investing investing_index 的数据
2026-04-12 19:33:38,304 - AKToolsLog - INFO - 获取到 Investing investing_stock_global 的数据
2026-04-12 19:33:38,832 - AKToolsLog - INFO - 获取到 Investing investing_stock_global 的数据
2026-04-12 19:33:39,642 - AKToolsLog - INFO - Investing 爬取缺失区间: id=6408 [2024-01-01 ~ 2024-01-10]
2026-04-12 19:33:39,643 - AKToolsLog - INFO - 获取到 Investing investing_bond 的数据
2026-04-12 19:33:40,485 - AKToolsLog - ERROR - investing historical id=6408 failed: Request to Investing.com API failed with error message: no_data, try `from_date=12/29/2023`.
Traceback (most recent call last):
  File "E:\projects\aktools\aktools\core\investing.py", line 1170, in fetch_investing_historical
    data = _request_to_investing(endpoint="history", params=params)  # type: ignore
           ^^^^^^^^^^^^^^^^^^^^^^^^^^^^^^^^^^^^^^^^^^^^^^^^^^^^^^^^
  File "E:\projects\aktools\aktools\core\investing.py", line 266, in _request_to_investing
    raise ConnectionError(
ConnectionError: Request to Investing.com API failed with error message: no_data, try `from_date=12/29/2023`.
2026-04-12 19:33:40,486 - AKToolsLog - INFO - Investing 爬取缺失区间失败，返回已有缓存: id=6408
2026-04-12 19:33:40,487 - AKToolsLog - INFO - 获取到 Investing investing_crypto 的数据
2026-04-12 19:33:41,224 - AKToolsLog - ERROR - investing historical id=6408 failed: Request to Investing.com API failed with error message: no_data, try `from_date=12/29/2023`.
Traceback (most recent call last):
  File "E:\projects\aktools\aktools\core\investing.py", line 1170, in fetch_investing_historical
    data = _request_to_investing(endpoint="history", params=params)  # type: ignore
           ^^^^^^^^^^^^^^^^^^^^^^^^^^^^^^^^^^^^^^^^^^^^^^^^^^^^^^^^
  File "E:\projects\aktools\aktools\core\investing.py", line 266, in _request_to_investing
    raise ConnectionError(
ConnectionError: Request to Investing.com API failed with error message: no_data, try `from_date=12/29/2023`.
2026-04-12 19:33:41,225 - AKToolsLog - INFO - Investing 爬取缺失区间失败，返回已有缓存: id=6408
2026-04-12 19:33:41,225 - AKToolsLog - INFO - 获取到 Investing investing_etf 的数据
2026-04-12 19:33:42,083 - AKToolsLog - ERROR - investing historical id=6408 failed: Request to Investing.com API failed with error message: no_data, try `from_date=12/29/2023`.
Traceback (most recent call last):
  File "E:\projects\aktools\aktools\core\investing.py", line 1170, in fetch_investing_historical
    data = _request_to_investing(endpoint="history", params=params)  # type: ignore
           ^^^^^^^^^^^^^^^^^^^^^^^^^^^^^^^^^^^^^^^^^^^^^^^^^^^^^^^^
  File "E:\projects\aktools\aktools\core\investing.py", line 266, in _request_to_investing
    raise ConnectionError(
ConnectionError: Request to Investing.com API failed with error message: no_data, try `from_date=12/29/2023`.
2026-04-12 19:33:42,083 - AKToolsLog - INFO - Investing 爬取缺失区间失败，返回已有缓存: id=6408
2026-04-12 19:33:42,083 - AKToolsLog - INFO - 获取到 Investing investing_fund 的数据
2026-04-12 19:33:42,674 - AKToolsLog - ERROR - investing historical id=6408 failed: Request to Investing.com API failed with error message: no_data, try `from_date=12/29/2023`.
Traceback (most recent call last):
  File "E:\projects\aktools\aktools\core\investing.py", line 1170, in fetch_investing_historical
    data = _request_to_investing(endpoint="history", params=params)  # type: ignore
           ^^^^^^^^^^^^^^^^^^^^^^^^^^^^^^^^^^^^^^^^^^^^^^^^^^^^^^^^
  File "E:\projects\aktools\aktools\core\investing.py", line 266, in _request_to_investing
    raise ConnectionError(
ConnectionError: Request to Investing.com API failed with error message: no_data, try `from_date=12/29/2023`.
2026-04-12 19:33:42,674 - AKToolsLog - INFO - Investing 爬取缺失区间失败，返回已有缓存: id=6408
2026-04-12 19:33:42,674 - AKToolsLog - INFO - 获取到 Investing investing_futures 的数据
2026-04-12 19:33:44,460 - AKToolsLog - ERROR - investing historical id=6408 failed: Request to Investing.com API failed with error message: no_data, try `from_date=12/29/2023`.
Traceback (most recent call last):
  File "E:\projects\aktools\aktools\core\investing.py", line 1170, in fetch_investing_historical
    data = _request_to_investing(endpoint="history", params=params)  # type: ignore
           ^^^^^^^^^^^^^^^^^^^^^^^^^^^^^^^^^^^^^^^^^^^^^^^^^^^^^^^^
  File "E:\projects\aktools\aktools\core\investing.py", line 266, in _request_to_investing
    raise ConnectionError(
ConnectionError: Request to Investing.com API failed with error message: no_data, try `from_date=12/29/2023`.
2026-04-12 19:33:44,461 - AKToolsLog - INFO - Investing 爬取缺失区间失败，返回已有缓存: id=6408
2026-04-12 19:33:44,461 - AKToolsLog - INFO - 获取到 Investing investing_fx 的数据
2026-04-12 19:33:45,166 - AKToolsLog - ERROR - investing historical id=6408 failed: Request to Investing.com API failed with error message: no_data, try `from_date=12/29/2023`.
Traceback (most recent call last):
  File "E:\projects\aktools\aktools\core\investing.py", line 1170, in fetch_investing_historical
    data = _request_to_investing(endpoint="history", params=params)  # type: ignore
           ^^^^^^^^^^^^^^^^^^^^^^^^^^^^^^^^^^^^^^^^^^^^^^^^^^^^^^^^
  File "E:\projects\aktools\aktools\core\investing.py", line 266, in _request_to_investing
    raise ConnectionError(
ConnectionError: Request to Investing.com API failed with error message: no_data, try `from_date=12/29/2023`.
2026-04-12 19:33:45,167 - AKToolsLog - INFO - Investing 爬取缺失区间失败，返回已有缓存: id=6408
2026-04-12 19:33:45,167 - AKToolsLog - INFO - 获取到 Investing investing_index 的数据
2026-04-12 19:33:45,777 - AKToolsLog - ERROR - investing historical id=6408 failed: Request to Investing.com API failed with error message: no_data, try `from_date=12/29/2023`.
Traceback (most recent call last):
  File "E:\projects\aktools\aktools\core\investing.py", line 1170, in fetch_investing_historical
    data = _request_to_investing(endpoint="history", params=params)  # type: ignore
           ^^^^^^^^^^^^^^^^^^^^^^^^^^^^^^^^^^^^^^^^^^^^^^^^^^^^^^^^
  File "E:\projects\aktools\aktools\core\investing.py", line 266, in _request_to_investing
    raise ConnectionError(
ConnectionError: Request to Investing.com API failed with error message: no_data, try `from_date=12/29/2023`.
2026-04-12 19:33:45,778 - AKToolsLog - INFO - Investing 爬取缺失区间失败，返回已有缓存: id=6408
2026-04-12 19:33:45,778 - AKToolsLog - INFO - 获取到 Investing investing_stock_global 的数据
2026-04-12 19:33:46,428 - AKToolsLog - INFO - Investing 爬取缺失区间: id=6408 [2024-01-01 ~ 2024-01-31]
2026-04-12 19:33:46,428 - AKToolsLog - INFO - 获取到 Investing investing_stock_global 的数据
2026-04-12 19:33:46,435 - AKToolsLog - INFO - Investing 数据拉取失败: investing_stock_global - investing_id 必须为数字
2026-04-12 19:33:47,976 - AKToolsLog - INFO - 获取到 Investing investing_stock_global 的数据
2026-04-12 19:33:50,673 - AKToolsLog - INFO - 获取到 Investing investing_stock_global 的数据
2026-04-12 19:33:50,733 - AKToolsLog - INFO - 未找到该接口，请升级 AKShare 到最新版本并在文档中确认该接口的使用方式：https://akshare.akfamily.xyz
2026-04-12 19:33:51,420 - AKToolsLog - ERROR - investing historical id=6408 failed: Request to Investing.com API failed with error message: no_data, try `from_date=12/29/2023`.
Traceback (most recent call last):
  File "E:\projects\aktools\aktools\core\investing.py", line 1170, in fetch_investing_historical
    data = _request_to_investing(endpoint="history", params=params)  # type: ignore
           ^^^^^^^^^^^^^^^^^^^^^^^^^^^^^^^^^^^^^^^^^^^^^^^^^^^^^^^^
  File "E:\projects\aktools\aktools\core\investing.py", line 266, in _request_to_investing
    raise ConnectionError(
ConnectionError: Request to Investing.com API failed with error message: no_data, try `from_date=12/29/2023`.
2026-04-12 19:33:51,421 - AKToolsLog - INFO - Investing 爬取缺失区间失败，返回已有缓存: id=6408
2026-04-12 19:33:51,768 - AKToolsLog - INFO - Investing 爬取缺失区间: id=6408 [2024-01-11 ~ 2024-02-15]
2026-04-12 19:33:52,112 - AKToolsLog - ERROR - investing historical id=6408 failed: Request to Investing.com API failed with error message: no_data, try `from_date=12/29/2023`.
Traceback (most recent call last):
  File "E:\projects\aktools\aktools\core\investing.py", line 1170, in fetch_investing_historical
    data = _request_to_investing(endpoint="history", params=params)  # type: ignore
           ^^^^^^^^^^^^^^^^^^^^^^^^^^^^^^^^^^^^^^^^^^^^^^^^^^^^^^^^
  File "E:\projects\aktools\aktools\core\investing.py", line 266, in _request_to_investing
    raise ConnectionError(
ConnectionError: Request to Investing.com API failed with error message: no_data, try `from_date=12/29/2023`.
2026-04-12 19:33:52,113 - AKToolsLog - INFO - Investing 爬取缺失区间失败，返回已有缓存: id=6408
2026-04-12 19:33:52,459 - AKToolsLog - INFO - Investing 爬取缺失区间: id=6408 [2024-02-16 ~ 2024-04-30]
2026-04-12 19:40:18,538 - AKToolsLog - INFO - 这是一个信息级别的日志消息
2026-04-12 19:42:32,896 - AKToolsLog - INFO - 获取到 crypto_js_spot 的数据
2026-04-12 19:42:33,013 - AKToolsLog - INFO - Investing: 使用 curl_cffi 作为 HTTP 客户端（可绕过 Cloudflare 403）
2026-04-12 19:42:33,013 - AKToolsLog - INFO - Investing: curl_cffi impersonate=chrome136
2026-04-12 19:42:35,645 - AKToolsLog - INFO - investing quotes: BTC 通过 Stooq 回退成功
2026-04-12 19:42:35,661 - AKToolsLog - INFO - 获取到 Investing investing_crypto 的数据
2026-04-12 19:42:35,661 - AKToolsLog - INFO - 命中缓存: crypto_js_spot
2026-04-12 19:42:35,945 - AKToolsLog - INFO - investing quotes: DOGE 通过 Stooq 回退成功
2026-04-12 19:42:35,945 - AKToolsLog - INFO - 获取到 Investing investing_crypto 的数据
2026-04-12 19:42:40,386 - AKToolsLog - WARNING - investing quotes: no id for symbol=USDCNY
2026-04-12 19:42:40,546 - AKToolsLog - WARNING - investing quotes: USDCNY 腾讯行情回退失败
2026-04-12 19:42:40,546 - AKToolsLog - INFO - 获取到 Investing investing_fx 的数据
2026-04-12 19:42:42,385 - AKToolsLog - INFO - Investing: 403 后切换 impersonate=safari184 重试成功
2026-04-12 19:42:42,386 - AKToolsLog - WARNING - investing quotes: no id for symbol=USDCNYC
2026-04-12 19:42:42,551 - AKToolsLog - WARNING - investing quotes: USDCNYC 腾讯行情回退失败
2026-04-12 19:42:42,551 - AKToolsLog - INFO - 获取到 Investing investing_fx 的数据
2026-04-12 19:42:45,125 - AKToolsLog - INFO - 获取到 Investing investing_fx 的数据
2026-04-12 19:42:50,339 - AKToolsLog - INFO - 获取到 Investing investing_stock_global 的数据
2026-04-12 19:42:54,358 - AKToolsLog - ERROR - investing historical id=1075487 failed: Request to Investing.com API failed with error message: no_data.
Traceback (most recent call last):
  File "e:\projects\aktools\aktools\core\investing.py", line 1170, in fetch_investing_historical
    data = _request_to_investing(endpoint="history", params=params)  # type: ignore
           ^^^^^^^^^^^^^^^^^^^^^^^^^^^^^^^^^^^^^^^^^^^^^^^^^^^^^^^^
  File "e:\projects\aktools\aktools\core\investing.py", line 270, in _request_to_investing
    raise ConnectionError(
ConnectionError: Request to Investing.com API failed with error message: no_data.
2026-04-12 19:42:55,038 - AKToolsLog - INFO - investing quotes: 中国股票 1810 通过 Investing 获取
2026-04-12 19:42:55,038 - AKToolsLog - INFO - 获取到 Investing investing_stock_global 的数据
2026-04-12 19:42:56,646 - AKToolsLog - ERROR - investing historical id=1178999 failed: Request to Investing.com API failed with error message: no_data.
Traceback (most recent call last):
  File "e:\projects\aktools\aktools\core\investing.py", line 1170, in fetch_investing_historical
    data = _request_to_investing(endpoint="history", params=params)  # type: ignore
           ^^^^^^^^^^^^^^^^^^^^^^^^^^^^^^^^^^^^^^^^^^^^^^^^^^^^^^^^
  File "e:\projects\aktools\aktools\core\investing.py", line 270, in _request_to_investing
    raise ConnectionError(
ConnectionError: Request to Investing.com API failed with error message: no_data.
2026-04-12 19:42:57,896 - AKToolsLog - INFO - investing quotes: 中国股票 688766 通过 Investing 获取
2026-04-12 19:42:57,896 - AKToolsLog - INFO - 获取到 Investing investing_stock_global 的数据
2026-04-12 19:43:00,290 - AKToolsLog - ERROR - investing historical id=944716 failed: Request to Investing.com API failed with error message: no_data.
Traceback (most recent call last):
  File "e:\projects\aktools\aktools\core\investing.py", line 1170, in fetch_investing_historical
    data = _request_to_investing(endpoint="history", params=params)  # type: ignore
           ^^^^^^^^^^^^^^^^^^^^^^^^^^^^^^^^^^^^^^^^^^^^^^^^^^^^^^^^
  File "e:\projects\aktools\aktools\core\investing.py", line 270, in _request_to_investing
    raise ConnectionError(
ConnectionError: Request to Investing.com API failed with error message: no_data.
2026-04-12 19:43:00,987 - AKToolsLog - INFO - investing quotes: 中国股票 002340 通过 Investing 获取
2026-04-12 19:43:00,987 - AKToolsLog - INFO - 获取到 Investing investing_stock_global 的数据
2026-04-12 19:43:02,660 - AKToolsLog - INFO - 获取到 Investing investing_index 的数据
2026-04-12 19:43:06,609 - AKToolsLog - INFO - 获取到 Investing investing_index 的数据
2026-04-12 19:43:10,407 - AKToolsLog - INFO - 获取到 Investing investing_index 的数据
2026-04-12 19:43:11,350 - AKToolsLog - INFO - Investing 爬取缺失区间: id=40820 [2025-12-08 ~ 2026-04-12]
2026-04-12 19:43:11,350 - AKToolsLog - INFO - 获取到 Investing investing_index 的数据
2026-04-12 19:43:17,141 - AKToolsLog - INFO - 获取到 Investing investing_crypto 的数据
2026-04-12 19:43:18,076 - AKToolsLog - INFO - Investing 爬取缺失区间: id=945629 [2025-12-08 ~ 2026-04-12]
2026-04-12 19:43:18,080 - AKToolsLog - INFO - 获取到 Investing investing_crypto 的数据
